== result == home_score - away_score (2010-2026 completed) ==
[(4427, 4427, 0, 0)]

== nfl.games.spread_line: does positive spread_line mean home favored? ==
shape: (1, 7)
┌──────┬───────────────┬───────────────┬───────────────┬──────────────┬──────────────┬─────────────┐
│ n    ┆ corr_spread_r ┆ p_home_wins_w ┆ p_away_wins_w ┆ share_home_f ┆ mean_spread_ ┆ mean_result │
│ ---  ┆ esult         ┆ hen_home_fav  ┆ hen_away_fav  ┆ av           ┆ line         ┆ ---         │
│ i64  ┆ ---           ┆ ---           ┆ ---           ┆ ---          ┆ ---          ┆ f64         │
│      ┆ f64           ┆ f64           ┆ f64           ┆ f64          ┆ f64          ┆             │
╞══════╪═══════════════╪═══════════════╪═══════════════╪══════════════╪══════════════╪═════════════╡
│ 4427 ┆ 0.429828      ┆ 0.672003      ┆ 0.6437        ┆ 0.634967     ┆ 2.038175     ┆ 2.101197    │
└──────┴───────────────┴───────────────┴───────────────┴──────────────┴──────────────┴─────────────┘

== moneyline agrees with spread sign? (home favored by spread -> home_moneyline < 0) ==
shape: (1, 4)
┌────────────────┬───────────────────┬────────────────┬───────────────────┐
│ agree_home_fav ┆ disagree_home_fav ┆ agree_away_fav ┆ disagree_away_fav │
│ ---            ┆ ---               ┆ ---            ┆ ---               │
│ decimal[38,0]  ┆ decimal[38,0]     ┆ decimal[38,0]  ┆ decimal[38,0]     │
╞════════════════╪═══════════════════╪════════════════╪═══════════════════╡
│ 2287           ┆ 0                 ┆ 1153           ┆ 0                 │
└────────────────┴───────────────────┴────────────────┴───────────────────┘

== market.historical_lines.spread_home = -spread_line; home covers if result + spread_home > 0 ==
shape: (1, 9)
┌──────┬────────────┬────────────┬────────────┬───┬────────────┬───────────┬───────────┬───────────┐
│ n    ┆ sign_ok    ┆ sign_bad   ┆ home_cover ┆ … ┆ fav_home_w ┆ fav_away_ ┆ other_col ┆ odds_bad  │
│ ---  ┆ ---        ┆ ---        ┆ _rate      ┆   ┆ in_rate    ┆ win_rate  ┆ s_bad     ┆ ---       │
│ i64  ┆ decimal[38 ┆ decimal[38 ┆ ---        ┆   ┆ ---        ┆ ---       ┆ ---       ┆ decimal[3 │
│      ┆ ,0]        ┆ ,0]        ┆ f64        ┆   ┆ f64        ┆ f64       ┆ decimal[3 ┆ 8,0]      │
│      ┆            ┆            ┆            ┆   ┆            ┆           ┆ 8,0]      ┆           │
╞══════╪════════════╪════════════╪════════════╪═══╪════════════╪═══════════╪═══════════╪═══════════╡
│ 4427 ┆ 4427       ┆ 0          ┆ 0.491769   ┆ … ┆ 0.672003   ┆ 0.6437    ┆ 0         ┆ 0         │
└──────┴────────────┴────────────┴────────────┴───┴────────────┴───────────┴───────────┴───────────┘

== by season: favorite (by spread_home) straight-up win rate; should be ~65-70% every season ==
shape: (17, 5)
┌────────┬─────┬─────────────┬────────────────┬────────────┐
│ season ┆ n   ┆ fav_su_rate ┆ corr_sh_result ┆ home_cover │
│ ---    ┆ --- ┆ ---         ┆ ---            ┆ ---        │
│ i32    ┆ i64 ┆ f64         ┆ f64            ┆ f64        │
╞════════╪═════╪═════════════╪════════════════╪════════════╡
│ 2010   ┆ 267 ┆ 0.659       ┆ -0.362         ┆ 0.492      │
│ 2011   ┆ 267 ┆ 0.663       ┆ -0.436         ┆ 0.5        │
│ 2012   ┆ 267 ┆ 0.644       ┆ -0.45          ┆ 0.469      │
│ 2013   ┆ 267 ┆ 0.707       ┆ -0.439         ┆ 0.523      │
│ 2014   ┆ 267 ┆ 0.67        ┆ -0.375         ┆ 0.487      │
│ 2015   ┆ 267 ┆ 0.629       ┆ -0.408         ┆ 0.467      │
│ 2016   ┆ 267 ┆ 0.647       ┆ -0.419         ┆ 0.5        │
│ 2017   ┆ 267 ┆ 0.697       ┆ -0.423         ┆ 0.514      │
│ 2018   ┆ 267 ┆ 0.652       ┆ -0.4           ┆ 0.473      │
│ 2019   ┆ 267 ┆ 0.64        ┆ -0.478         ┆ 0.44       │
│ 2020   ┆ 269 ┆ 0.669       ┆ -0.439         ┆ 0.494      │
│ 2021   ┆ 285 ┆ 0.621       ┆ -0.463         ┆ 0.484      │
│ 2022   ┆ 284 ┆ 0.658       ┆ -0.386         ┆ 0.493      │
│ 2023   ┆ 285 ┆ 0.674       ┆ -0.408         ┆ 0.498      │
│ 2024   ┆ 285 ┆ 0.705       ┆ -0.487         ┆ 0.52       │
│ 2025   ┆ 285 ┆ 0.656       ┆ -0.506         ┆ 0.507      │
│ 2026   ┆ 64  ┆ 0.641       ┆ -0.306         ┆ 0.508      │
└────────┴─────┴─────────────┴────────────────┴────────────┘

== spot check a few famous games ==
[('2010_01_MIN_NO', 'NO', 'MIN', 4.5, -220, 197, 5, 14, 9)]
[('2015_01_PIT_NE', 'NE', 'PIT', 7.5, -350, 305, 7, 28, 21)]
[]
[('2024_01_BAL_KC', 'KC', 'BAL', 3.0, -148, 124, 7, 27, 20)]
[('2025_01_DAL_PHI', 'PHI', 'DAL', 8.5, -425, 330, 4, 24, 20)]

== pbp spread_line vs schedule spread_line consistency ==
[(4427, 0, 0)]
